// Jest Snapshot v1, https://goo.gl/fbAQLP

exports[`App runs an Enzyme test without crashing 1`] = `ShallowWrapper {}`;
