// Jest Snapshot v1, https://goo.gl/fbAQLP

exports[`Assets matches snapshot 1`] = `
<div
  className="Assets"
>
  <h1
    className="loading"
  >
    Loading...
  </h1>
</div>
`;
